// Jest Snapshot v1, https://goo.gl/fbAQLP

exports[`Home page matches snapshot 1`] = `
<DocumentFragment>
  <div
    class="jsx-247033640 container"
  >
    <main
      class="jsx-247033640"
    >
      <div
        class="jsx-247033640"
      >
        Board
      </div>
      <div
        class="jsx-247033640"
      >
        Status
      </div>
      <div
        class="jsx-247033640"
      >
        Reset
      </div>
    </main>
  </div>
</DocumentFragment>
`;
